Microchip MPLAB XC8 Compiler V1.38 ()

Linker command line:

--edf=E:\Program Files (x86)\Microchip\xc8\v1.38\dat\en_msgs.txt -cs \
  -h+dist/default/production\MD24.X.production.sym \
  --cmf=dist/default/production\MD24.X.production.cmf -z -Q16F690 \
  -oC:\Users\HNYBS\AppData\Local\Temp\s3ao.2 \
  -Mdist/default/production/MD24.X.production.map -E1 -ver=XC8 \
  -ASTACK=05Ch-06fh -pstack=STACK -ACODE=00h-07FFhx2 -ASTRCODE=00h-0FFFh \
  -ASTRING=00h-0FFhx16 -ACONST=00h-0FFhx16 -AENTRY=00h-0FFhx16 \
  -ACOMMON=070h-07Fh -ABANK0=020h-06Fh -ABANK1=0A0h-0EFh \
  -ABANK2=0120h-016Fh -ARAM=020h-06Fh,0A0h-0EFh,0120h-016Fh \
  -AABS1=020h-07Fh,0A0h-0EFh,0120h-016Fh -ASFR0=00h-01Fh -ASFR1=080h-09Fh \
  -ASFR2=0100h-011Fh -ASFR3=0180h-01EFh \
  -preset_vec=00h,intentry=04h,init,end_init -ppowerup=CODE -pcinit=CODE \
  -pfunctab=CODE -ACONFIG=02007h-02007h -pconfig=CONFIG -DCONFIG=2 \
  -AIDLOC=02000h-02003h -pidloc=IDLOC -DIDLOC=2 -AEEDATA=00h-0FFh/02100h \
  -peeprom_data=EEDATA -DEEDATA=2 -DCODE=2 -DSTRCODE=2 -DSTRING=2 -DCONST=2 \
  -DENTRY=2 -k C:\Users\HNYBS\AppData\Local\Temp\s3ao.obj \
  dist/default/production\MD24.X.production.obj 

Object code version is 3.11

Machine type is 16F690



                Name                               Link     Load   Length Selector   Space Scale
C:\Users\HNYBS\AppData\Local\Temp\s3ao.obj
                end_init                             11       11        2        8       0
                reset_vec                             0        0        2        0       0
                idloc                              2000     2000        4     4000       0
                config                             2007     2007        1     400E       0
dist/default/production\MD24.X.production.obj
                cinit                                13       13       1C        8       0
                intentry                              4        4        D        8       0
                eeprom_data                           0     2100       60     4200       3
                text11                              442      442       22        8       0
                text10                              3DC      3DC       3B        8       0
                text9                               271      271       57        8       0
                text8                               216      216       5B        8       0
                text7                               3A0      3A0       3C        8       0
                text6                               1B9      1B9       5D        8       0
                text5                               2C8      2C8       4E        8       0
                text4                               316      316       49        8       0
                text3                               464      464        A        8       0
                text2                               35F      35F       41        8       0
                text1                               417      417       2B        8       0
                maintext                             2F       2F      18A        8       0
                cstackBANK0                          42       42       19       20       1
                cstackCOMMON                         70       70        9       70       1
                clrtext                             46E      46E        8        8       0
                bssBANK2                            120      120       3C      120       1
                bssBANK1                             A0       A0       3C       A0       1
                dataBANK0                            5B       5B        1       20       1
                bssBANK0                             20       20       22       20       1
                bssCOMMON                            79       79        2       70       1
                idataBANK0                          476      476        1        8       0

TOTAL           Name                               Link     Load   Length     Space
        CLASS   STACK          

        CLASS   CODE           
                end_init                             11       11        2         0
                cinit                                13       13       1C         0
                intentry                              4        4        D         0
                reset_vec                             0        0        2         0
                text11                              442      442       22         0
                text10                              3DC      3DC       3B         0
                text9                               271      271       57         0
                text8                               216      216       5B         0
                text7                               3A0      3A0       3C         0
                text6                               1B9      1B9       5D         0
                text5                               2C8      2C8       4E         0
                text4                               316      316       49         0
                text3                               464      464        A         0
                text2                               35F      35F       41         0
                text1                               417      417       2B         0
                maintext                             2F       2F      18A         0
                clrtext                             46E      46E        8         0
                idataBANK0                          476      476        1         0

        CLASS   STRCODE        

        CLASS   STRING         

        CLASS   CONST          

        CLASS   ENTRY          

        CLASS   COMMON         
                cstackCOMMON                         70       70        9         1
                bssCOMMON                            79       79        2         1

        CLASS   BANK0          
                cstackBANK0                          42       42       19         1
                dataBANK0                            5B       5B        1         1
                bssBANK0                             20       20       22         1

        CLASS   BANK1          
                bssBANK1                             A0       A0       3C         1

        CLASS   BANK2          
                bssBANK2                            120      120       3C         1

        CLASS   RAM            

        CLASS   ABS1           
                abs_s1                               7E       7E        2         1

        CLASS   SFR0           

        CLASS   SFR1           

        CLASS   SFR2           

        CLASS   SFR3           

        CLASS   CONFIG         
                config                             2007     2007        1         0

        CLASS   IDLOC          
                idloc                              2000     2000        4         0

        CLASS   EEDATA         
                eeprom_data                           0     2100       60         3

        CLASS   BANK3          



SEGMENTS        Name                           Load    Length   Top    Selector   Space  Class     Delta

                reset_vec                      000000  000002  000002         0       0  CODE        2
                intentry                       000004  000473  000477         8       0  CODE        2
                bssBANK0                       000020  00003C  00005C        20       1  BANK0       1
                cstackCOMMON                   000070  00000B  00007B        70       1  COMMON      1
                bssBANK1                       0000A0  00003C  0000DC        A0       1  BANK1       1
                bssBANK2                       000120  00003C  00015C       120       1  BANK2       1
                idloc                          002000  000004  002004      4000       0  IDLOC       2
                config                         002007  000001  002008      400E       0  CONFIG      2
                eeprom_data                    002100  000060  002160      4200       3  EEDATA      2


UNUSED ADDRESS RANGES

        Name                Unused          Largest block    Delta
        BANK0            005C-006F             14           1
        BANK1            00DC-00EF             14           1
        BANK2            015C-016F             14           1
        CODE             0002-0003              2           2
                         0477-0FFF            389
        COMMON           007B-007D              3           1
        CONST            0002-0003              2           2
                         0477-0FFF            100
        EEDATA           2160-21FF             A0           2
        ENTRY            0002-0003              2           2
                         0477-0FFF            100
        RAM              005C-006F             14           1
                         00DC-00EF             14
                         015C-016F             14
        SFR0             0000-001F             20           1
        SFR1             0080-009F             20           1
        SFR2             0100-011F             20           1
        SFR3             0180-01EF             70           1
        STACK            005C-006F             14           1
        STRCODE          0002-0003              2           2
                         0477-0FFF            B89
        STRING           0002-0003              2           2
                         0477-0FFF            100

                                  Symbol Table

?___awdiv                cstackBANK0  0042
_ADD                     bssBANK0     0020
_ANSEL                   (abs)        011E
_ANSELH                  (abs)        011F
_BRG16                   (abs)        04DB
_BRGH                    (abs)        04C2
_CARRY                   (abs)        0018
_CM1CON0                 (abs)        0119
_CM2CON0                 (abs)        011A
_CRC_H                   bssBANK0     0021
_CRC_L                   bssBANK0     0022
_CREN                    (abs)        00C4
_EEADR                   (abs)        010D
_EECON1                  (abs)        018C
_EECON2                  (abs)        018D
_EEDATA                  (abs)        010C
_FLAG_15                 bssBANK0     0023
_FLAG_35                 bssCOMMON    0079
_FLAG_IOCHANGE           dataBANK0    005B
_FLAG_RCOK               bssBANK0     0024
_FLAG_T1                 bssCOMMON    007A
_GIE                     (abs)        005F
_INTCON                  (abs)        000B
_IOCA                    (abs)        0096
_IOCB                    (abs)        0116
_IO_RAM                  bssBANK0     0027
_ISR                     text9        0271
_OPTION_REG              (abs)        0081
_OSCCON                  (abs)        008F
_PCON                    (abs)        008E
_PEIE                    (abs)        005E
_PIE1                    (abs)        008C
_PIE2                    (abs)        008D
_PIR1                    (abs)        000C
_PIR2                    (abs)        000D
_PORTA                   (abs)        0005
_PORTB                   (abs)        0006
_PORTC                   (abs)        0007
_PR2                     (abs)        0092
_RABIE                   (abs)        005B
_RABIF                   (abs)        0058
_RB4                     (abs)        0034
_RB6                     (abs)        0036
_RCIE                    (abs)        0465
_RCIF                    (abs)        0065
_RCREG                   (abs)        001A
_RC_DATA                 bssBANK1     00A0
_RC_N                    bssBANK0     0025
_RD                      (abs)        0C60
_SPBRG                   (abs)        0099
_SPBRGH                  (abs)        009A
_SPEN                    (abs)        00C7
_SWDTEN                  (abs)        04B8
_SYNC                    (abs)        04C4
_T0IE                    (abs)        005D
_T1CON                   (abs)        0010
_T2CON                   (abs)        0012
_TMR1H                   (abs)        000F
_TMR1IE                  (abs)        0460
_TMR1IF                  (abs)        0060
_TMR1L                   (abs)        000E
_TMR2IE                  (abs)        0461
_TMR2IF                  (abs)        0061
_TMR2ON                  (abs)        0092
_TRISA                   (abs)        0085
_TRISB                   (abs)        0086
_TRISC                   (abs)        0087
_TRMT                    (abs)        04C1
_TXEN                    (abs)        04C5
_TXREG                   (abs)        0019
_TX_DATA                 bssBANK2     0120
_WDTCON                  (abs)        0097
_WPUA                    (abs)        0095
_WPUB                    (abs)        0115
_WR                      (abs)        0C61
_WREN                    (abs)        0C62
__Babs1                  abs1         42C0
__Bbank0                 bank0        42C0
__Bbank1                 bank1        42C0
__Bbank2                 bank2        42C0
__Bbank3                 bank3        42C0
__BbssBANK0              bssBANK0     42C0
__BbssBANK1              bssBANK1     42C0
__BbssBANK2              bssBANK2     42C0
__BbssCOMMON             bssCOMMON    42C0
__Bclrtext               clrtext      42C0
__Bcode                  code         42C0
__Bcommon                common       42C0
__BcstackBANK0           cstackBANK0  42C0
__BcstackCOMMON          cstackCOMMON 42C0
__BdataBANK0             dataBANK0    42C0
__Beeprom_data           eeprom_data  2100
__BidataBANK0            idataBANK0   42C0
__Bmaintext              maintext     42C0
__Bram                   ram          42C0
__Bsfr0                  sfr0         42C0
__Bsfr1                  sfr1         42C0
__Bsfr2                  sfr2         42C0
__Bsfr3                  sfr3         42C0
__Bstrings               strings      42C0
__Btext                  text         42C0
__CFG_BOREN$ON           (abs)        0000
__CFG_CP$ON              (abs)        0000
__CFG_CPD$ON             (abs)        0000
__CFG_FCMEN$ON           (abs)        0000
__CFG_FOSC$INTRCIO       (abs)        0000
__CFG_IDLOC0$            (abs)        0020
__CFG_IDLOC1$            (abs)        0017
__CFG_IDLOC2$            (abs)        0010
__CFG_IDLOC3$            (abs)        0019
__CFG_IESO$ON            (abs)        0000
__CFG_MCLRE$OFF          (abs)        0000
__CFG_PWRTE$ON           (abs)        0000
__CFG_WDTE$ON            (abs)        0000
__Habs1                  abs1         00C0
__Hbank0                 bank0        00C0
__Hbank1                 bank1        00C0
__Hbank2                 bank2        00C0
__Hbank3                 bank3        00C0
__HbssBANK0              bssBANK0     00C0
__HbssBANK1              bssBANK1     00C0
__HbssBANK2              bssBANK2     00C0
__HbssCOMMON             bssCOMMON    00C0
__Hcinit                 cinit        002F
__Hclrtext               clrtext      00C0
__Hcode                  code         00C0
__Hcommon                common       00C0
__Hconfig                config       2008
__HcstackBANK0           cstackBANK0  00C0
__HcstackCOMMON          cstackCOMMON 00C0
__HdataBANK0             dataBANK0    00C0
__Heeprom_data           eeprom_data  0060
__Hend_init              end_init     0013
__Hfunctab               functab      0000
__HidataBANK0            idataBANK0   00C0
__Hidloc                 idloc        2004
__Hinit                  init         0011
__Hintentry              intentry     0011
__Hmaintext              maintext     00C0
__Hpowerup               powerup      0000
__Hram                   ram          00C0
__Hreset_vec             reset_vec    0002
__Hsfr0                  sfr0         00C0
__Hsfr1                  sfr1         00C0
__Hsfr2                  sfr2         00C0
__Hsfr3                  sfr3         00C0
__Hspace_0               (abs)        2008
__Hspace_1               (abs)        015C
__Hspace_2               (abs)        0000
__Hspace_3               (abs)        0060
__Hstack                 stack        0000
__Hstrings               strings      00C0
__Htext                  text         00C0
__Labs1                  abs1         00C0
__Lbank0                 bank0        00C0
__Lbank1                 bank1        00C0
__Lbank2                 bank2        00C0
__Lbank3                 bank3        00C0
__LbssBANK0              bssBANK0     00C0
__LbssBANK1              bssBANK1     00C0
__LbssBANK2              bssBANK2     00C0
__LbssCOMMON             bssCOMMON    00C0
__Lcinit                 cinit        0013
__Lclrtext               clrtext      00C0
__Lcode                  code         00C0
__Lcommon                common       00C0
__Lconfig                config       2007
__LcstackBANK0           cstackBANK0  00C0
__LcstackCOMMON          cstackCOMMON 00C0
__LdataBANK0             dataBANK0    00C0
__Leeprom_data           eeprom_data  0000
__Lend_init              end_init     0011
__Lfunctab               functab      0000
__LidataBANK0            idataBANK0   00C0
__Lidloc                 idloc        2000
__Linit                  init         0011
__Lintentry              intentry     0004
__Lmaintext              maintext     00C0
__Lpowerup               powerup      0000
__Lram                   ram          00C0
__Lreset_vec             reset_vec    0000
__Lsfr0                  sfr0         00C0
__Lsfr1                  sfr1         00C0
__Lsfr2                  sfr2         00C0
__Lsfr3                  sfr3         00C0
__Lspace_0               (abs)        0000
__Lspace_1               (abs)        0000
__Lspace_2               (abs)        0000
__Lspace_3               (abs)        0000
__Lstack                 stack        0000
__Lstrings               strings      00C0
__Ltext                  text         00C0
__S0                     (abs)        2008
__S1                     (abs)        015C
__S2                     (abs)        0000
__S3                     (abs)        2160
___awdiv                 text8        0216
___awdiv@counter         cstackBANK0  0047
___awdiv@dividend        cstackBANK0  0044
___awdiv@divisor         cstackBANK0  0042
___awdiv@quotient        cstackBANK0  0049
___awdiv@sign            cstackBANK0  0048
___int_sp                stack        0000
___latbits               (abs)        0001
___sp                    stack        0000
__end_of_ISR             text9        02C8
__end_of___awdiv         text8        0271
__end_of__initialization cinit        002C
__end_of_crc16           text4        035F
__end_of_eecpymem        text7        03DC
__end_of_init_16f690     text6        0216
__end_of_main            maintext     01B9
__end_of_memcpyee        text5        0316
__end_of_modbus_recv     text10       0417
__end_of_modbus_send     text2        03A0
__end_of_process_cmd     text1        0442
__end_of_send_one        text3        046E
__end_of_set_timer1      text11       0464
__initialization         cinit        0013
__pbssBANK0              bssBANK0     0020
__pbssBANK1              bssBANK1     00A0
__pbssBANK2              bssBANK2     0120
__pbssCOMMON             bssCOMMON    0079
__pcstackBANK0           cstackBANK0  0042
__pcstackCOMMON          cstackCOMMON 0070
__pdataBANK0             dataBANK0    005B
__pidataBANK0            idataBANK0   0476
__pintentry              intentry     0004
__pmaintext              maintext     002F
__ptext1                 text1        0417
__ptext10                text10       03DC
__ptext11                text11       0442
__ptext2                 text2        035F
__ptext3                 text3        0464
__ptext4                 text4        0316
__ptext5                 text5        02C8
__ptext6                 text6        01B9
__ptext7                 text7        03A0
__ptext8                 text8        0216
__ptext9                 text9        0271
__size_of_ISR            (abs)        0000
__size_of___awdiv        (abs)        0000
__size_of_crc16          (abs)        0000
__size_of_eecpymem       (abs)        0000
__size_of_init_16f690    (abs)        0000
__size_of_main           (abs)        0000
__size_of_memcpyee       (abs)        0000
__size_of_modbus_recv    (abs)        0000
__size_of_modbus_send    (abs)        0000
__size_of_process_cmd    (abs)        0000
__size_of_send_one       (abs)        0000
__size_of_set_timer1     (abs)        0000
_crc16                   text4        0316
_eecpymem                text7        03A0
_init_16f690             text6        01B9
_main                    maintext     002F
_memcpyee                text5        02C8
_modbus_recv             text10       03DC
_modbus_send             text2        035F
_process_cmd             text1        0417
_send_one                text3        0464
_set_timer1              text11       0442
_tmr2DelayCnt            bssBANK0     0026
btemp                    (abs)        007E
clear_ram0               clrtext      046E
crc16@count              cstackBANK0  0044
crc16@i                  cstackBANK0  004B
crc16@n                  cstackBANK0  004A
crc16@recvByte           cstackBANK0  0042
crc16@saveHi             cstackBANK0  0049
crc16@saveLo             cstackBANK0  0048
eecpymem@cp              cstackBANK0  0048
eecpymem@from            cstackBANK0  0044
eecpymem@size            cstackBANK0  0046
eecpymem@to              cstackBANK0  0042
end_of_initialization    cinit        002C
interrupt_function       intentry     0004
intlevel0                functab      0000
intlevel1                functab      0000
intlevel2                functab      0000
intlevel3                functab      0000
intlevel4                functab      0000
intlevel5                functab      0000
ltemp                    (abs)        007E
ltemp0                   (abs)        007E
ltemp1                   (abs)        0082
ltemp2                   (abs)        0086
ltemp3                   (abs)        0080
main@count               cstackBANK0  005A
main@i                   cstackBANK0  0058
main@i_103               cstackBANK0  0057
main@i_104               cstackBANK0  0059
memcpyee@from            cstackBANK0  0044
memcpyee@ptr             cstackBANK0  0047
memcpyee@size            cstackBANK0  0045
memcpyee@to              cstackBANK0  0042
modbus_recv@rd           cstackCOMMON 0073
modbus_recv@recv_data    cstackCOMMON 0072
modbus_send@i            cstackBANK0  0051
modbus_send@len          cstackBANK0  004E
modbus_send@ptr          cstackBANK0  004C
process_cmd@i            cstackBANK0  0045
process_cmd@portc        cstackBANK0  0044
process_cmd@temp         cstackBANK0  0043
reset_vec                reset_vec    0000
saved_w                  (abs)        007E
send_one@a               cstackBANK0  0042
set_timer1@mode          cstackCOMMON 0070
stackhi                  (abs)        0000
stacklo                  (abs)        0000
start                    init         0011
start_initialization     cinit        0013
ttemp                    (abs)        007E
ttemp0                   (abs)        007E
ttemp1                   (abs)        0081
ttemp2                   (abs)        0084
ttemp3                   (abs)        0087
ttemp4                   (abs)        007F
wtemp                    (abs)        007E
wtemp0                   (abs)        007E
wtemp1                   (abs)        0080
wtemp2                   (abs)        0082
wtemp3                   (abs)        0084
wtemp4                   (abs)        0086
wtemp5                   (abs)        0088
wtemp6                   (abs)        007F


FUNCTION INFORMATION:

 *************** function _main *****************
 Defined at:
		line 62 in file "main.c"
 Parameters:    Size  Location     Type
		None
 Auto vars:     Size  Location     Type
  i               1   21[BANK0 ] unsigned char 
  i               1   22[BANK0 ] unsigned char 
  i               1   23[BANK0 ] unsigned char 
  count           1   24[BANK0 ] unsigned char 
 Return value:  Size  Location     Type
                  1    wreg      void 
 Registers used:
		wreg, fsr0l, fsr0h, status,2, status,0, pclath, cstack
 Tracked objects:
		On entry : 
		On exit  : 
		Unchanged: 
 Data sizes:     COMMON   BANK0   BANK1   BANK2
      Params:         0       0       0       0
      Locals:         0       4       0       0
      Temps:          0       5       0       0
      Totals:         0       9       0       0
Total ram usage:        9 bytes
 Hardware stack levels required when called:    5
 This function calls:
		___awdiv
		_crc16
		_eecpymem
		_init_16f690
		_memcpyee
		_modbus_send
		_process_cmd
 This function is called by:
		Startup code after reset
 This function uses a non-reentrant model


 *************** function _process_cmd *****************
 Defined at:
		line 217 in file "main.c"
 Parameters:    Size  Location     Type
		None
 Auto vars:     Size  Location     Type
  i               1    3[BANK0 ] unsigned char 
  portc           1    2[BANK0 ] unsigned char 
  temp            1    1[BANK0 ] unsigned char 
 Return value:  Size  Location     Type
                  1    wreg      void 
 Registers used:
		wreg, fsr0l, fsr0h, status,2, status,0
 Tracked objects:
		On entry : 
		On exit  : 
		Unchanged: 
 Data sizes:     COMMON   BANK0   BANK1   BANK2
      Params:         0       0       0       0
      Locals:         0       3       0       0
      Temps:          0       1       0       0
      Totals:         0       4       0       0
Total ram usage:        4 bytes
 Hardware stack levels used:    1
 Hardware stack levels required when called:    3
 This function calls:
		Nothing
 This function is called by:
		_main
 This function uses a non-reentrant model


 *************** function _modbus_send *****************
 Defined at:
		line 23 in file "init_modbus.c"
 Parameters:    Size  Location     Type
  ptr             2   10[BANK0 ] PTR unsigned char 
		 -> RC_DATA(60), TX_DATA(60), 
  len             1   12[BANK0 ] unsigned char 
 Auto vars:     Size  Location     Type
  i               1   15[BANK0 ] unsigned char 
 Return value:  Size  Location     Type
                  1    wreg      void 
 Registers used:
		wreg, fsr0l, fsr0h, status,2, status,0, pclath, cstack
 Tracked objects:
		On entry : 
		On exit  : 
		Unchanged: 
 Data sizes:     COMMON   BANK0   BANK1   BANK2
      Params:         0       3       0       0
      Locals:         0       1       0       0
      Temps:          0       2       0       0
      Totals:         0       6       0       0
Total ram usage:        6 bytes
 Hardware stack levels used:    1
 Hardware stack levels required when called:    4
 This function calls:
		_crc16
		_send_one
 This function is called by:
		_main
 This function uses a non-reentrant model


 *************** function _send_one *****************
 Defined at:
		line 10 in file "init_modbus.c"
 Parameters:    Size  Location     Type
  a               1    wreg     unsigned char 
 Auto vars:     Size  Location     Type
  a               1    0[BANK0 ] unsigned char 
 Return value:  Size  Location     Type
                  1    wreg      void 
 Registers used:
		wreg
 Tracked objects:
		On entry : 
		On exit  : 
		Unchanged: 
 Data sizes:     COMMON   BANK0   BANK1   BANK2
      Params:         0       0       0       0
      Locals:         0       1       0       0
      Temps:          0       0       0       0
      Totals:         0       1       0       0
Total ram usage:        1 bytes
 Hardware stack levels used:    1
 Hardware stack levels required when called:    3
 This function calls:
		Nothing
 This function is called by:
		_modbus_send
 This function uses a non-reentrant model


 *************** function _crc16 *****************
 Defined at:
		line 77 in file "init_modbus.c"
 Parameters:    Size  Location     Type
  recvByte        2    0[BANK0 ] PTR unsigned char 
		 -> RC_DATA(60), TX_DATA(60), 
  count           1    2[BANK0 ] unsigned char 
 Auto vars:     Size  Location     Type
  i               1    9[BANK0 ] unsigned char 
  n               1    8[BANK0 ] unsigned char 
  saveHi          1    7[BANK0 ] unsigned char 
  saveLo          1    6[BANK0 ] unsigned char 
 Return value:  Size  Location     Type
                  1    wreg      void 
 Registers used:
		wreg, fsr0l, fsr0h, status,2, status,0
 Tracked objects:
		On entry : 
		On exit  : 
		Unchanged: 
 Data sizes:     COMMON   BANK0   BANK1   BANK2
      Params:         0       3       0       0
      Locals:         0       4       0       0
      Temps:          0       3       0       0
      Totals:         0      10       0       0
Total ram usage:       10 bytes
 Hardware stack levels used:    1
 Hardware stack levels required when called:    3
 This function calls:
		Nothing
 This function is called by:
		_main
		_modbus_send
 This function uses a non-reentrant model


 *************** function _memcpyee *****************
 Defined at:
		line 39 in file "E:\Program Files (x86)\Microchip\xc8\v1.38\sources\pic\eeprom.c"
 Parameters:    Size  Location     Type
  to              2    0[BANK0 ] PTR eeprom unsigned char
		 -> RAM(512), 
  from            1    2[BANK0 ] PTR const unsigned char 
		 -> __fltoee@data(3), __fttoee@data(3), __ltoee@data(4), __mtoee@data(3), 
		 -> __itoee@data(2), __ctoee@data(1), RC_DATA(60), 
  size            1    3[BANK0 ] unsigned char 
 Auto vars:     Size  Location     Type
  ptr             1    5[BANK0 ] PTR const unsigned char 
		 -> __fltoee@data(3), __fttoee@data(3), __ltoee@data(4), __mtoee@data(3), 
		 -> __itoee@data(2), __ctoee@data(1), RC_DATA(60), 
 Return value:  Size  Location     Type
                  1    wreg      void 
 Registers used:
		wreg, fsr0l, fsr0h, status,2, status,0
 Tracked objects:
		On entry : 
		On exit  : 
		Unchanged: 
 Data sizes:     COMMON   BANK0   BANK1   BANK2
      Params:         0       4       0       0
      Locals:         0       1       0       0
      Temps:          0       1       0       0
      Totals:         0       6       0       0
Total ram usage:        6 bytes
 Hardware stack levels used:    1
 Hardware stack levels required when called:    3
 This function calls:
		Nothing
 This function is called by:
		_main
 This function uses a non-reentrant model


 *************** function _init_16f690 *****************
 Defined at:
		line 31 in file "init_16f690.c"
 Parameters:    Size  Location     Type
		None
 Auto vars:     Size  Location     Type
		None
 Return value:  Size  Location     Type
                  1    wreg      void 
 Registers used:
		wreg, status,2
 Tracked objects:
		On entry : 
		On exit  : 
		Unchanged: 
 Data sizes:     COMMON   BANK0   BANK1   BANK2
      Params:         0       0       0       0
      Locals:         0       0       0       0
      Temps:          0       0       0       0
      Totals:         0       0       0       0
Total ram usage:        0 bytes
 Hardware stack levels used:    1
 Hardware stack levels required when called:    3
 This function calls:
		Nothing
 This function is called by:
		_main
 This function uses a non-reentrant model


 *************** function _eecpymem *****************
 Defined at:
		line 6 in file "E:\Program Files (x86)\Microchip\xc8\v1.38\sources\pic\eeprom.c"
 Parameters:    Size  Location     Type
  to              2    0[BANK0 ] PTR volatile unsigned ch
		 -> __eetofl@data(3), __eetoft@data(3), __eetol@data(4), __eetom@data(3), 
		 -> __eetoi@data(2), __eetoc@data(1), TX_DATA(60), IO_RAM(27), 
  from            2    2[BANK0 ] PTR eeprom unsigned char
		 -> RAM(512), RAM(512), 
  size            1    4[BANK0 ] unsigned char 
 Auto vars:     Size  Location     Type
  cp              2    6[BANK0 ] PTR volatile unsigned ch
		 -> __eetofl@data(3), __eetoft@data(3), __eetol@data(4), __eetom@data(3), 
		 -> __eetoi@data(2), __eetoc@data(1), TX_DATA(60), IO_RAM(27), 
 Return value:  Size  Location     Type
                  1    wreg      void 
 Registers used:
		wreg, fsr0l, fsr0h, status,2, status,0
 Tracked objects:
		On entry : 
		On exit  : 
		Unchanged: 
 Data sizes:     COMMON   BANK0   BANK1   BANK2
      Params:         0       5       0       0
      Locals:         0       2       0       0
      Temps:          0       1       0       0
      Totals:         0       8       0       0
Total ram usage:        8 bytes
 Hardware stack levels used:    1
 Hardware stack levels required when called:    3
 This function calls:
		Nothing
 This function is called by:
		_main
 This function uses a non-reentrant model


 *************** function ___awdiv *****************
 Defined at:
		line 6 in file "E:\Program Files (x86)\Microchip\xc8\v1.38\sources\common\awdiv.c"
 Parameters:    Size  Location     Type
  divisor         2    0[BANK0 ] int 
  dividend        2    2[BANK0 ] int 
 Auto vars:     Size  Location     Type
  quotient        2    7[BANK0 ] int 
  sign            1    6[BANK0 ] unsigned char 
  counter         1    5[BANK0 ] unsigned char 
 Return value:  Size  Location     Type
                  2    0[BANK0 ] int 
 Registers used:
		wreg, status,2, status,0
 Tracked objects:
		On entry : 
		On exit  : 
		Unchanged: 
 Data sizes:     COMMON   BANK0   BANK1   BANK2
      Params:         0       4       0       0
      Locals:         0       4       0       0
      Temps:          0       1       0       0
      Totals:         0       9       0       0
Total ram usage:        9 bytes
 Hardware stack levels used:    1
 Hardware stack levels required when called:    3
 This function calls:
		Nothing
 This function is called by:
		_main
 This function uses a non-reentrant model


 *************** function _ISR *****************
 Defined at:
		line 164 in file "main.c"
 Parameters:    Size  Location     Type
		None
 Auto vars:     Size  Location     Type
		None
 Return value:  Size  Location     Type
                  1    wreg      void 
 Registers used:
		wreg, fsr0l, fsr0h, status,2, status,0, pclath, cstack
 Tracked objects:
		On entry : 
		On exit  : 
		Unchanged: 
 Data sizes:     COMMON   BANK0   BANK1   BANK2
      Params:         0       0       0       0
      Locals:         0       0       0       0
      Temps:          5       0       0       0
      Totals:         5       0       0       0
Total ram usage:        5 bytes
 Hardware stack levels used:    1
 Hardware stack levels required when called:    2
 This function calls:
		_modbus_recv
		_set_timer1
 This function is called by:
		Interrupt level 1
 This function uses a non-reentrant model


 *************** function _modbus_recv *****************
 Defined at:
		line 44 in file "init_modbus.c"
 Parameters:    Size  Location     Type
  recv_data       1    wreg     unsigned char 
 Auto vars:     Size  Location     Type
  recv_data       1    2[COMMON] unsigned char 
  rd              1    3[COMMON] unsigned char 
 Return value:  Size  Location     Type
                  1    wreg      void 
 Registers used:
		wreg, fsr0l, fsr0h, status,2, status,0, pclath, cstack
 Tracked objects:
		On entry : 
		On exit  : 
		Unchanged: 
 Data sizes:     COMMON   BANK0   BANK1   BANK2
      Params:         0       0       0       0
      Locals:         2       0       0       0
      Temps:          1       0       0       0
      Totals:         3       0       0       0
Total ram usage:        3 bytes
 Hardware stack levels used:    1
 Hardware stack levels required when called:    1
 This function calls:
		_set_timer1
 This function is called by:
		_ISR
 This function uses a non-reentrant model


 *************** function _set_timer1 *****************
 Defined at:
		line 159 in file "init_modbus.c"
 Parameters:    Size  Location     Type
  mode            1    wreg     unsigned char 
 Auto vars:     Size  Location     Type
  mode            1    0[COMMON] unsigned char 
 Return value:  Size  Location     Type
                  1    wreg      void 
 Registers used:
		wreg, fsr0l, fsr0h, status,2, status,0
 Tracked objects:
		On entry : 
		On exit  : 
		Unchanged: 
 Data sizes:     COMMON   BANK0   BANK1   BANK2
      Params:         0       0       0       0
      Locals:         1       0       0       0
      Temps:          0       0       0       0
      Totals:         1       0       0       0
Total ram usage:        1 bytes
 Hardware stack levels used:    1
 This function calls:
		Nothing
 This function is called by:
		_ISR
		_modbus_recv
 This function uses a non-reentrant model



MODULE INFORMATION

Module		Function		Class		Link	Load	Size
init_16f690.c
		_init_16f690   		CODE           	01B9	0000	94

init_16f690.c estimated size: 94

E:\Program Files (x86)\Microchip\xc8\v1.38\sources\pic\eeprom.c
		_eecpymem      		CODE           	03A0	0000	61
		_memcpyee      		CODE           	02C8	0000	79

E:\Program Files (x86)\Microchip\xc8\v1.38\sources\pic\eeprom.c estimated size: 140

E:\Program Files (x86)\Microchip\xc8\v1.38\sources\common\awdiv.c
		___awdiv       		CODE           	0216	0000	92

E:\Program Files (x86)\Microchip\xc8\v1.38\sources\common\awdiv.c estimated size: 92

shared
		__initialization		CODE           	0013	0000	26

shared estimated size: 26

init_modbus.c
		_send_one      		CODE           	0464	0000	11
		_crc16         		CODE           	0316	0000	74
		_modbus_send   		CODE           	035F	0000	66
		_modbus_recv   		CODE           	03DC	0000	60
		_set_timer1    		CODE           	0442	0000	35

init_modbus.c estimated size: 246

main.c
		_process_cmd   		CODE           	0417	0000	44
		_ISR           		CODE           	0271	0000	88
		_main          		CODE           	002F	0000	395

main.c estimated size: 527

